------ Server Status Check ------
Fri Mar  6 21:16:20 UTC 2026

CPU Load:
 21:16:20 up 16 min,  1 user,  load average: 0.09, 0.08, 0.09

Memory Usage:
               total        used        free      shared  buff/cache   available
Mem:           3.8Gi       432Mi       3.1Gi       1.1Mi       539Mi       3.4Gi
Swap:          2.2Gi          0B       2.2Gi

Disk Usage:
Filesystem                         Size  Used Avail Use% Mounted on
tmpfs                              392M  1.1M  391M   1% /run
/dev/mapper/ubuntu--vg-ubuntu--lv   12G  5.0G  5.7G  47% /
tmpfs                              2.0G     0  2.0G   0% /dev/shm
tmpfs                              5.0M     0  5.0M   0% /run/lock
/dev/sda2                          2.0G  102M  1.7G   6% /boot
tmpfs                              392M   12K  392M   1% /run/user/1000

Network Test:
PING google.com (192.178.50.46) 56(84) bytes of data.
64 bytes from lcmiaa-aa-in-f14.1e100.net (192.178.50.46): icmp_seq=1 ttl=255 time=63.5 ms
64 bytes from lcmiaa-aa-in-f14.1e100.net (192.178.50.46): icmp_seq=2 ttl=255 time=65.2 ms

--- google.com ping statistics ---
2 packets transmitted, 2 received, 0% packet loss, time 1002ms
rtt min/avg/max/mdev = 63.472/64.320/65.169/0.848 ms

------ END LINE ------

